<html>
<body>
<pre>
<h1>µVision Build Log</h1>
<h2>Tool Versions:</h2>
IDE-Version: µVision V5.41.0.0
Copyright (C) 2024 ARM Ltd and ARM Germany GmbH. All rights reserved.
License Information: Roeddy Bodja Mbengi
Vives
User-based license: Arm Development Studio Gold
Valid until: Jun 25 2026. Cached until: Apr 19 2026
 
Tool Versions:
Toolchain:       Arm Development Studio Gold  Version: 5.41.0.0
Toolchain Path:  C:\Users\roedd\AppData\Local\Keil_v5\ARM\ARMCLANG\Bin
C Compiler:      ArmClang.exe V6.22
Assembler:       Armasm.exe V6.22
Linker/Locator:  ArmLink.exe V6.22
Library Manager: ArmAr.exe V6.22
Hex Converter:   FromElf.exe V6.22
CPU DLL:         SARMCM3.DLL V5.41.0.0
Dialog DLL:      DARMCM1.DLL V1.19.6.0
Target DLL:      STLink\ST-LINKIII-KEIL_SWO.dll V3.3.0.0
Dialog DLL:      TARMCM1.DLL V1.14.6.0
 
<h2>Project:</h2>
C:\Users\roedd\OneDrive\Documents\Cursussen\ICT & OOP\OOP c#\Digitale Meter\Nucleo datacode\template.uvprojx
Project File Date:  12/11/2025

<h2>Output:</h2>
*** Using Compiler 'V6.22', folder: 'C:\Users\roedd\AppData\Local\Keil_v5\ARM\ARMCLANG\Bin'
Rebuild target 'Nucleo-F091RC'
compiling usart2.c...
compiling system_stm32f0xx.c...
assembling startup_stm32f091xc.s...
compiling main.c...
compiling buttons.c...
compiling exti.c...
compiling ad.c...
compiling leds.c...
linking...
Program Size: Code=8272 RO-data=1092 RW-data=4 ZI-data=4140  
".\Objects\template.axf" - 0 Error(s), 0 Warning(s).

<h2>Software Packages used:</h2>

Package Vendor: ARM
                https://www.keil.com/pack/ARM.CMSIS.6.2.0.pack
                ARM::CMSIS@6.2.0
                CMSIS (Common Microcontroller Software Interface Standard)
   * Component: CORE Version: 6.1.1

Package Vendor: Keil
                http://www.keil.com/pack/Keil.STM32F0xx_DFP.2.0.0.pack
                Keil::STM32F0xx_DFP@2.0.0
                STMicroelectronics STM32F0 Series Device Support, Drivers and Examples
   * Component: Startup Version: 1.0.0

<h2>Collection of Component include folders:</h2>
  ./RTE/_Nucleo-F091RC
  C:/Users/roedd/AppData/Local/Arm/Packs/ARM/CMSIS/6.2.0/CMSIS/Core/Include
  C:/Users/roedd/AppData/Local/Arm/Packs/Keil/STM32F0xx_DFP/2.0.0/Drivers/CMSIS/Device/ST/STM32F0xx/Include

<h2>Collection of Component Files used:</h2>

   * Component: ARM::CMSIS:CORE@6.1.1

   * Component: Keil::Device&Standalone:Startup@1.0.0
      Source file:   Drivers/CMSIS/Device/ST/STM32F0xx/Source/Templates/arm/startup_stm32f091xc.s
      Include file:  Drivers/CMSIS/Device/ST/STM32F0xx/Include/stm32f0xx.h
      Source file:   MDK/Device/Source/ARM/STM32F0xx_OPT.s
      Source file:   Drivers/CMSIS/Device/ST/STM32F0xx/Source/Templates/system_stm32f0xx.c
Build Time Elapsed:  00:00:01
</pre>
</body>
</html>
